"","X","Y","group_id"
"1",-0.412735751106,0.260377466156,"1"
"2",0.117852965618,-0.0693349534804,"1"
"3",0.0927351053697,-0.0657294104483,"1"
"4",-0.0737627835893,-0.126343418287,"1"
"5",0.182049532162,-0.0352279498065,"1"
"6",0.00272522329423,-0.0836376683922,"1"
"7",-0.158709685977,0.0021357868789,"1"
"8",-0.0731101225638,0.0316566957678,"1"
"9",-0.108879795387,0.0304115598583,"1"
"10",0.124835998673,-0.0367273843455,"1"
"11",0.0502514086943,0.000699443898036,"1"
"12",0.0669634227371,-0.0743833748783,"1"
"13",0.0412979088456,-0.0991677353199,"1"
"14",0.13761046324,-0.0381258915979,"1"
"15",0.173221418616,-0.0703097171459,"1"
"16",0.07333432645,-0.0166368189494,"1"
"17",0.0548157221328,-0.0164772252344,"1"
"18",-0.122655273759,-0.040574882612,"1"
"19",0.125614701502,-0.00198178438081,"1"
"20",0.0532447746971,-0.0915592828067,"1"
"21",0.129317799866,-0.0789665245691,"1"
"22",-0.41995688103,0.47220539248,"2"
"23",0.0653535675373,-0.10939085119,"2"
"24",-0.378369160333,0.151659320824,"2"
"25",-0.00720149816688,-0.101930367262,"2"
"26",-0.257316575579,-0.0102669353733,"2"
"27",-0.123613320501,-0.0519668605072,"2"
"28",-0.143063191756,-0.0620914610481,"2"
"29",-0.258772491866,-0.00315336589822,"2"
"30",0.0193869920036,-0.115343339504,"2"
"31",0.0538277748063,-0.114400289615,"2"
"32",0.0519309037009,-0.110796473887,"2"
"33",-0.306711526134,0.0906715500829,"2"
"34",0.0424247700571,-0.127672159621,"2"
"35",0.0355649251383,-0.13347654779,"2"
"36",0.0642179860075,-0.112492256388,"2"
"37",0.046502977526,-0.109886313686,"2"
"38",-0.135770953968,-0.087629582998,"2"
"39",-0.316813693927,0.0909936060021,"2"
"40",-0.0876701934823,-0.0989141329216,"2"
"41",0.0669159042575,-0.0975637669641,"2"
"42",0.0409838789997,-0.135338981958,"2"
"43",-0.314419971467,0.00749999139462,"2"
"44",0.0239391688577,-0.121347243896,"2"
"45",-0.134176756121,-0.102413403354,"2"
"46",0.312125529169,0.230002829479,"3"
"47",-0.22432046978,0.0413145844856,"3"
"48",0.331506840536,0.271088493471,"3"
"49",0.327341954515,0.241354007376,"3"
"50",0.331846817134,0.261983750827,"3"
"51",0.113366437995,0.0449889147535,"3"
"52",0.332483460512,0.26960062263,"3"
"53",0.317204398093,0.233539181448,"3"
"54",0.05523503775,0.0190751583036,"3"
